[nathaniels-awesome-project.webflow.io/index.html]
[backblue.gif]
[fade.gif]
[index.html]
[uploads-ssl.webflow.com/5d8a23c4ac6b86bcee986619/css/nathaniels-awesome-project.webflow.10d30ebad.css]
[ajax.googleapis.com/ajax/libs/webfont/1.6.26/webfont.js]
[uploads-ssl.webflow.com/img/favicon.ico]
[uploads-ssl.webflow.com/img/webclip.png]
[uploads-ssl.webflow.com/5d8a23c4ac6b86bcee986619/5d8a2b10cd466e43fa8e69f1_logorobotguy.png]
[uploads-ssl.webflow.com/5d8a23c4ac6b86bcee986619/5d8a3e6782617c57534280d7_ezgif.com-optimize.gif]
[www.youtube.com/embed/0dNjudf4ARU7997.html]
[uploads-ssl.webflow.com/5d8a23c4ac6b86bcee986619/5d8a39034a2efe61b87ab2a9_icons8-play-button-500.png]
[uploads-ssl.webflow.com/5d8a23c4ac6b86bcee986619/5d8a39037f57b99906b04d66_icons8-patreon-500.png]
[uploads-ssl.webflow.com/5d8a23c4ac6b86bcee986619/5d8a39032198d3214dbe0db9_icons8-resume-website-500.png]
[uploads-ssl.webflow.com/5d8a23c4ac6b86bcee986619/5d8a390333b3d42881cc1fca_icons8-email-500.png]
[uploads-ssl.webflow.com/5d8a23c4ac6b86bcee986619/5d8a39037f57b9851ab04d67_icons8-steam-500.png]
[uploads-ssl.webflow.com/5d8a23c4ac6b86bcee986619/5d8a39032198d3a54dbe0dcf_icons8-discord-500.png]
[d3e54v103j8qbb.cloudfront.net/js/jquery-3.4.1.min.220afd743d.js]
[uploads-ssl.webflow.com/5d8a23c4ac6b86bcee986619/js/webflow.1bc56dc86.js]
[nathaniels-awesome-project.webflow.io/index.html]
[uploads-ssl.webflow.com/5d8a23c4ac6b86bcee986619/5d8a2640f24d2f1871790efb_LaserGuy V2.jpg]
[uploads-ssl.webflow.com/5d8a23c4ac6b86bcee986619/css/nathaniels-awesome-project.webflow.10d30ebad.css]
[www.youtube.com/yts/img/ringo/hitchhiker/logo_small_2x-vfl4_cFqn.png]
[www.youtube.com/yts/img/ringo/hitchhiker/logo_youtube_red_2x-vflOSHA_n.png]
[www.youtube.com/yts/img/ringo/hitchhiker/yt_play_logo_2x-vflXx5Pg3.png]
[www.youtube.com/yts/jsbin/www-embed-player-vflt09xm_/www-embed-player.js]
[www.youtube.com/yts/jsbin/player_ias-vfleGIwAA/en_US/base.js]
[www.youtube.com/embed/0dNjudf4ARU7997.html]
[s.ytimg.com/yts/imgbin/www-hitchhiker-vflYQU35a.png]
[www.youtube.com/yts/cssbin/www-player-vflFe0gwD.css]
[www.youtube.com/img/meh7.html]
